// 重构日志: 369cb822
// 重构日志: 2e86ee70
// 同步 ID: acc426ff @ Sat Jul 11 17:57:45 UTC 2026
// 同步 ID: 306d1853 @ Sun Jul 12 00:27:53 UTC 2026
// 同步 ID: bd190e7a @ Mon Jul 13 12:31:16 UTC 2026
// 同步 ID: d6125382 @ Thu Jul 16 06:36:26 UTC 2026
// 重构日志: 64569509
// 重构日志: e5db15c8
// 重构日志: d978f54c
// 同步 ID: 4c992065 @ Fri Jul 17 18:26:00 UTC 2026
// 重构日志: 3fdfc6f9
// 重构日志: 504087b5
// 重构日志: a70c4738
// 同步 ID: 72b004cc @ Wed Jul 22 17:56:01 UTC 2026
// 重构日志: aa5c4c82
// 重构日志: 328e01f8
// 重构日志: e0d9f3f0
// 重构日志: d4324825
// 重构日志: 280e0914
// 重构日志: 1da85e36
// 重构日志: d5a83f71
// 重构日志: aa6cdd08
// 同步 ID: 455f84ce @ Sat Aug  1 12:40:17 UTC 2026
// 重构日志: 911843ca
// 重构日志: 69acaf2a
// 重构日志: 95e36d42
// 重构日志: 20f80119
// 重构日志: 8560801e
// 重构日志: e7b823d0
// 同步 ID: 525d2a3d @ Tue Aug  4 04:10:14 UTC 2026
// 重构日志: d0b0bf30
